PS C:\windows\system32> cd C:\Users\lhoge

PS C:\Users\lhoge> npm install -g webgme-cli
npm : npm WARN deprecated buffer@4.9.1: This version of 'buffer' is out-of-date. You must 
update to v4.9.2 or newer
At line:1 char:1
+ npm install -g webgme-cli
+ ~~~~~~~~~~~~~~~~~~~~~~~~~
    + CategoryInfo          : NotSpecified: (npm WARN deprec...v4.9.2 or newer:String) [], Rem 
   oteException
    + FullyQualifiedErrorId : NativeCommandError
 
npm WARN deprecated bson@1.0.9: Fixed a critical issue with BSON serialization documented in 
CVE-2019-2391, see https://bit.ly/2KcpXdo for more details
npm WARN deprecated node-uuid@1.4.8: Use uuid module instead
npm WARN deprecated chokidar@1.7.0: Chokidar 2 will break on node v14+. Upgrade to chokidar 3 
with 15x less dependencies.
npm WARN deprecated fsevents@1.2.13: fsevents 1 will break on node v14+ and could be using 
insecure binaries. Upgrade to fsevents 2.
npm WARN deprecated resolve-url@0.2.1: https://github.com/lydell/resolve-url#deprecated
npm WARN deprecated urix@0.1.0: Please see https://github.com/lydell/urix#deprecated
npm WARN deprecated core-js@2.6.12: core-js@<3 is no longer maintained and not recommended for 
usage due to the number of issues. Please, upgrade your dependencies to the actual version of 
core-js@3.
C:\Users\lhoge\AppData\Roaming\npm\webgme -> C:\Users\lhoge\AppData\Roaming\npm\node_modules\web
gme-cli\bin\webgme

> webgme-cli@2.8.5 postinstall C:\Users\lhoge\AppData\Roaming\npm\node_modules\webgme-cli
> node bin/install.js

Note: Autocomplete for bash can be enabled with:

	echo ". C:\Users\lhoge\AppData\Roaming\npm\node_modules\webgme-cli\extra\webgme.completion.bash
" >> ~/.bashrc

npm WARN optional SKIPPING OPTIONAL DEPENDENCY: fsevents@^1.0.0 
(node_modules\webgme-cli\node_modules\chokidar\node_modules\fsevents):
npm WARN notsup SKIPPING OPTIONAL DEPENDENCY: Unsupported platform for fsevents@1.2.13: wanted 
{"os":"darwin","arch":"any"} (current: {"os":"win32","arch":"x64"})
+ webgme-cli@2.8.5
updated 1 package in 25.959s

PS C:\Users\lhoge> cd C:\Work\petri-project\

PS C:\Work\petri-project> npm install
npm : npm WARN petri-project@1.0.0 No repository field.
At line:1 char:1
+ npm install
+ ~~~~~~~~~~~
    + CategoryInfo          : NotSpecified: (npm WARN petri-...pository field.:String) [], Rem 
   oteException
    + FullyQualifiedErrorId : NativeCommandError
 
npm WARN petri-project@1.0.0 No license field.
npm WARN optional SKIPPING OPTIONAL DEPENDENCY: fsevents@1.2.13 (node_modules\fsevents):
npm WARN notsup SKIPPING OPTIONAL DEPENDENCY: Unsupported platform for fsevents@1.2.13: wanted 
{"os":"darwin","arch":"any"} (current: {"os":"win32","arch":"x64"})
audited 733 packages in 3.56s

16 packages are looking for funding
  run `npm fund` for details

found 7 vulnerabilities (4 low, 1 moderate, 2 high)
  run `npm audit fix` to fix them, or `npm audit` for details

PS C:\Work\petri-project> mongod
{"t":{"$date":"2020-11-27T20:32:44.813-06:00"},"s":"I",  "c":"CONTROL",  "id":23285,   "ctx":"ma
in","msg":"Automatically disabling TLS 1.0, to force-enable TLS 1.0 specify --sslDisabledProtoco
ls 'none'"}
{"t":{"$date":"2020-11-27T20:32:45.314-06:00"},"s":"W",  "c":"ASIO",     "id":22601,   "ctx":"ma
in","msg":"No TransportLayer configured during NetworkInterface startup"}
{"t":{"$date":"2020-11-27T20:32:45.315-06:00"},"s":"I",  "c":"NETWORK",  "id":4648602, "ctx":"ma
in","msg":"Implicit TCP FastOpen in use."}
{"t":{"$date":"2020-11-27T20:32:45.316-06:00"},"s":"I",  "c":"STORAGE",  "id":4615611, "ctx":"in
itandlisten","msg":"MongoDB starting","attr":{"pid":784,"port":27017,"dbPath":"C:/data/db/","arc
hitecture":"64-bit","host":"DESKTOP-6P33PL8"}}
{"t":{"$date":"2020-11-27T20:32:45.316-06:00"},"s":"I",  "c":"CONTROL",  "id":23398,   "ctx":"in
itandlisten","msg":"Target operating system minimum version","attr":{"targetMinOS":"Windows 7/Wi
ndows Server 2008 R2"}}
{"t":{"$date":"2020-11-27T20:32:45.316-06:00"},"s":"I",  "c":"CONTROL",  "id":23403,   "ctx":"in
itandlisten","msg":"Build Info","attr":{"buildInfo":{"version":"4.4.2","gitVersion":"15e73dc5738
d2278b688f8929aee605fe4279b0e","modules":[],"allocator":"tcmalloc","environment":{"distmod":"win
dows","distarch":"x86_64","target_arch":"x86_64"}}}}
{"t":{"$date":"2020-11-27T20:32:45.316-06:00"},"s":"I",  "c":"CONTROL",  "id":51765,   "ctx":"in
itandlisten","msg":"Operating System","attr":{"os":{"name":"Microsoft Windows 10","version":"10.
0 (build 18363)"}}}
{"t":{"$date":"2020-11-27T20:32:45.316-06:00"},"s":"I",  "c":"CONTROL",  "id":21951,   "ctx":"in
itandlisten","msg":"Options set by command line","attr":{"options":{}}}
{"t":{"$date":"2020-11-27T20:32:45.316-06:00"},"s":"E",  "c":"STORAGE",  "id":20557,   "ctx":"in
itandlisten","msg":"DBException in initAndListen, terminating","attr":{"error":"NonExistentPath:
 Data directory C:\\data\\db\\ not found. Create the missing directory or specify another path u
sing (1) the --dbpath command line option, or (2) by adding the 'storage.dbPath' option in the c
onfiguration file."}}
{"t":{"$date":"2020-11-27T20:32:45.317-06:00"},"s":"I",  "c":"REPL",     "id":4784900, "ctx":"in
itandlisten","msg":"Stepping down the ReplicationCoordinator for shutdown","attr":{"waitTimeMill
is":10000}}
{"t":{"$date":"2020-11-27T20:32:45.317-06:00"},"s":"I",  "c":"COMMAND",  "id":4784901, "ctx":"in
itandlisten","msg":"Shutting down the MirrorMaestro"}
{"t":{"$date":"2020-11-27T20:32:45.317-06:00"},"s":"I",  "c":"SHARDING", "id":4784902, "ctx":"in
itandlisten","msg":"Shutting down the WaitForMajorityService"}
{"t":{"$date":"2020-11-27T20:32:45.317-06:00"},"s":"I",  "c":"NETWORK",  "id":20562,   "ctx":"in
itandlisten","msg":"Shutdown: going to close listening sockets"}
{"t":{"$date":"2020-11-27T20:32:45.317-06:00"},"s":"I",  "c":"NETWORK",  "id":4784905, "ctx":"in
itandlisten","msg":"Shutting down the global connection pool"}
{"t":{"$date":"2020-11-27T20:32:45.317-06:00"},"s":"I",  "c":"STORAGE",  "id":4784906, "ctx":"in
itandlisten","msg":"Shutting down the FlowControlTicketholder"}
{"t":{"$date":"2020-11-27T20:32:45.317-06:00"},"s":"I",  "c":"-",        "id":20520,   "ctx":"in
itandlisten","msg":"Stopping further Flow Control ticket acquisitions."}
{"t":{"$date":"2020-11-27T20:32:45.317-06:00"},"s":"I",  "c":"NETWORK",  "id":4784918, "ctx":"in
itandlisten","msg":"Shutting down the ReplicaSetMonitor"}
{"t":{"$date":"2020-11-27T20:32:45.317-06:00"},"s":"I",  "c":"SHARDING", "id":4784921, "ctx":"in
itandlisten","msg":"Shutting down the MigrationUtilExecutor"}
{"t":{"$date":"2020-11-27T20:32:45.317-06:00"},"s":"I",  "c":"CONTROL",  "id":4784925, "ctx":"in
itandlisten","msg":"Shutting down free monitoring"}
{"t":{"$date":"2020-11-27T20:32:45.317-06:00"},"s":"I",  "c":"FTDC",     "id":4784926, "ctx":"in
itandlisten","msg":"Shutting down full-time data capture"}
{"t":{"$date":"2020-11-27T20:32:45.317-06:00"},"s":"I",  "c":"STORAGE",  "id":4784927, "ctx":"in
itandlisten","msg":"Shutting down the HealthLog"}
{"t":{"$date":"2020-11-27T20:32:45.317-06:00"},"s":"I",  "c":"STORAGE",  "id":4784929, "ctx":"in
itandlisten","msg":"Acquiring the global lock for shutdown"}
{"t":{"$date":"2020-11-27T20:32:45.317-06:00"},"s":"I",  "c":"-",        "id":4784931, "ctx":"in
itandlisten","msg":"Dropping the scope cache for shutdown"}
{"t":{"$date":"2020-11-27T20:32:45.317-06:00"},"s":"I",  "c":"CONTROL",  "id":20565,   "ctx":"in
itandlisten","msg":"Now exiting"}
{"t":{"$date":"2020-11-27T20:32:45.317-06:00"},"s":"I",  "c":"CONTROL",  "id":23138,   "ctx":"in
itandlisten","msg":"Shutting down","attr":{"exitCode":100}}

PS C:\Work\petri-project> webgme start
Installing dependencies...
node.exe : events.js:292
At C:\Users\lhoge\AppData\Roaming\npm\webgme.ps1:15 char:3
+   & "node$exe"  "$basedir/node_modules/webgme-cli/bin/webgme" $args
+   ~~~~~~~~~~~~~~~~~~~~~~~~~~~~~~~~~~~~~~~~~~~~~~~~~~~~~~~~~~~~~~~~~
    + CategoryInfo          : NotSpecified: (events.js:292:String) [], RemoteException
    + FullyQualifiedErrorId : NativeCommandError
 
      throw er; // Unhandled 'error' event
      ^
Error: spawn npm ENOENT
    at Process.ChildProcess._handle.onexit (internal/child_process.js:269:19)
    at onErrorNT (internal/child_process.js:465:16)
    at processTicksAndRejections (internal/process/task_queues.js:80:21)
Emitted 'error' event on ChildProcess instance at:
    at Process.ChildProcess._handle.onexit (internal/child_process.js:275:12)
    at onErrorNT (internal/child_process.js:465:16)
    at processTicksAndRejections (internal/process/task_queues.js:80:21) {
  errno: -4058,
  code: 'ENOENT',
  syscall: 'spawn npm',
  path: 'npm',
  spawnargs: [ 'install' ]
}

PS C:\Work\petri-project> node .\app.js
2020-11-28T02:33:13.023Z - [32minfo[39m: [gme] Node version v14.15.1
2020-11-28T02:33:13.025Z - [32minfo[39m: [gme] Logfile [ info ] : C:\Work\petri-project\server
.log
2020-11-28T02:33:13.025Z - [32minfo[39m: [gme] Logfile [ error ] : C:\Work\petri-project\serve
r-error.log
2020-11-28T02:33:13.045Z - [32minfo[39m: [gme:server:standalone] Valid addresses of gme web se
rver:  http://192.168.1.110:8888  http://127.0.0.1:8888
node : (node:2248) Warning: Accessing non-existent property 'padLevels' of module exports 
inside circular dependency
At line:1 char:1
+ node .\app.js
+ ~~~~~~~~~~~~~
    + CategoryInfo          : NotSpecified: ((node:2248) War...ular dependency:String) [], Rem 
   oteException
    + FullyQualifiedErrorId : NativeCommandError
 
(Use `node --trace-warnings ...` to show where the warning was created)
2020-11-28T02:33:13.162Z - [32minfo[39m: [gme:server:standalone:middleware:BlobServer:BlobBack
end] local-storage: C:\Work\petri-project\blob-local-storage
2020-11-28T02:33:13.167Z - [32minfo[39m: [gme:server:auth:gmeauth] connecting to: mongodb://12
7.0.0.1:27017/petri_project
2020-11-28T02:33:13.197Z - [32minfo[39m: [gme:server:standalone:mongo] connecting to: mongodb:
//127.0.0.1:27017/petri_project
(node:3964) Warning: Accessing non-existent property 'padLevels' of module exports inside 
circular dependency
(Use `node --trace-warnings ...` to show where the warning was created)
2020-11-28T02:33:13.589Z - [32minfo[39m: [gme:server:standalone] Server is listening ...

PS C:\Work\petri-project> webgme new seed PetriNet
2020-11-28T02:33:42.948Z - [32minfo[39m: [gme:bin:export:BlobClient:BlobBackend] local-storage
: C:\Work\petri-project\blob-local-storage
2020-11-28T02:33:43.114Z - [32minfo[39m: [gme:server:auth:gmeauth] connecting to: mongodb://12
7.0.0.1:27017/petri_project
node.exe : (node:3388) Warning: Accessing non-existent property 'padLevels' of module exports 
inside circular dependency
At C:\Users\lhoge\AppData\Roaming\npm\webgme.ps1:15 char:3
+   & "node$exe"  "$basedir/node_modules/webgme-cli/bin/webgme" $args
+   ~~~~~~~~~~~~~~~~~~~~~~~~~~~~~~~~~~~~~~~~~~~~~~~~~~~~~~~~~~~~~~~~~
    + CategoryInfo          : NotSpecified: ((node:3388) War...ular dependency:String) [], Rem 
   oteException
    + FullyQualifiedErrorId : NativeCommandError
 
(Use `node --trace-warnings ...` to show where the warning was created)
2020-11-28T02:33:43.158Z - [32minfo[39m: [gme:bin:export:storage:mongo] connecting to: mongodb
://127.0.0.1:27017/petri_project
2020-11-28T02:33:43.256Z - [31merror[39m: [gme:bin:export:BlobClient:BlobBackend] readStream 
on close
Could not create seed: Error: ReadStream was closed while writing file!

PS C:\Work\petri-project> node --trace-warnings ...
node : internal/modules/cjs/loader.js:883
At line:1 char:1
+ node --trace-warnings ...
+ ~~~~~~~~~~~~~~~~~~~~~~~~~
    + CategoryInfo          : NotSpecified: (internal/modules/cjs/loader.js:883:String) [], Re 
   moteException
    + FullyQualifiedErrorId : NativeCommandError
 
  throw err;
  ^
Error: Cannot find module 'C:\Work\petri-project\...'
    at Function.Module._resolveFilename (internal/modules/cjs/loader.js:880:15)
    at Function.Module._load (internal/modules/cjs/loader.js:725:27)
    at Function.executeUserEntryPoint [as runMain] (internal/modules/run_main.js:72:12)
    at internal/main/run_main_module.js:17:47 {
  code: 'MODULE_NOT_FOUND',
  requireStack: []
}

PS C:\Work\petri-project> 